../Core/Src/main.c:104:6:HAL_UART_RxCpltCallback	16	static
../Core/Src/main.c:126:5:main	8	static
../Core/Src/main.c:174:6:SystemClock_Config	72	static
../Core/Src/main.c:211:13:MX_TIM4_Init	48	static
../Core/Src/main.c:272:13:MX_USART1_UART_Init	8	static
../Core/Src/main.c:305:13:MX_GPIO_Init	40	static
../Core/Src/main.c:360:6:process_rx_data	24	static
../Core/Src/main.c:417:6:process_control	8	static
../Core/Src/main.c:421:6:process_led_control	8	static
../Core/Src/main.c:430:6:process_measure	4	static
../Core/Src/main.c:439:6:Error_Handler	4	static,ignoring_inline_asm
