../Core/Src/main.c:106:6:HAL_UART_RxCpltCallback	16	static
../Core/Src/main.c:129:5:main	8	static
../Core/Src/main.c:185:6:SystemClock_Config	72	static
../Core/Src/main.c:222:13:MX_TIM4_Init	64	static
../Core/Src/main.c:293:13:MX_USART1_UART_Init	8	static
../Core/Src/main.c:326:13:MX_GPIO_Init	40	static
../Core/Src/main.c:381:6:process_rx_data	24	static
../Core/Src/main.c:438:6:process_control	8	static
../Core/Src/main.c:457:6:process_led_control	8	static
../Core/Src/main.c:467:6:process_motor_control	8	static
../Core/Src/main.c:497:6:process_measure	8	static
../Core/Src/main.c:502:6:set_motor_radian	16	static
../Core/Src/main.c:544:6:Error_Handler	4	static,ignoring_inline_asm
